// Jest Snapshot v1, https://goo.gl/fbAQLP

exports[`When testing Login should properly render and match snapshot 1`] = `
<div
  class="sc-bdfBwQ btTsfG"
>
  <h4
    class="MuiTypography-root MuiTypography-h4"
  >
    Sign in
  </h4>
  <div
    class="form"
  >
    <div
      class="MuiFormControl-root MuiTextField-root username"
    >
      <label
        class="MuiFormLabel-root MuiInputLabel-root MuiInputLabel-formControl MuiInputLabel-animated"
        data-shrink="false"
        for="standard-basic-input"
        id="standard-basic-input-label"
      >
        Username
      </label>
      <div
        class="MuiInputBase-root MuiInput-root MuiInput-underline MuiInputBase-formControl MuiInput-formControl"
      >
        <input
          aria-invalid="false"
          class="MuiInputBase-input MuiInput-input"
          id="standard-basic-input"
          type="text"
          value=""
        />
      </div>
    </div>
    <div
      class="MuiFormControl-root MuiTextField-root"
    >
      <label
        class="MuiFormLabel-root MuiInputLabel-root MuiInputLabel-formControl MuiInputLabel-animated"
        data-shrink="false"
        for="standard-basic-password"
        id="standard-basic-password-label"
      >
        Password
      </label>
      <div
        class="MuiInputBase-root MuiInput-root MuiInput-underline MuiInputBase-formControl MuiInput-formControl"
      >
        <input
          aria-invalid="false"
          class="MuiInputBase-input MuiInput-input"
          id="standard-basic-password"
          type="password"
          value=""
        />
      </div>
    </div>
    <button
      class="MuiButtonBase-root MuiButton-root MuiButton-contained MuiButton-containedPrimary"
      tabindex="0"
      type="button"
    >
      <span
        class="MuiButton-label"
      >
        Login
      </span>
      <span
        class="MuiTouchRipple-root"
      />
    </button>
  </div>
</div>
`;
